// Jest Snapshot v1, https://goo.gl/fbAQLP

exports[`Pruebas de NotesScreen Debe de mostrarse correctamente 1`] = `
<div
  className="notes__main-content"
>
  <div
    className="notes__appbar"
  >
    <span>
       28 de agosto del 2020
    </span>
    <input
      id="fileSelector"
      onChange={[Function]}
      style={
        Object {
          "display": "none",
        }
      }
      type="file"
    />
    <div>
      <button
        className="btn"
        onClick={[Function]}
      >
         
        Picture
      </button>
      <button
        className="btn"
        onClick={[Function]}
      >
         
        Save
      </button>
    </div>
  </div>
  <div
    className="notes__content"
  >
    <form>
      <input
        className="notes__title-input"
        name="title"
        onChange={[Function]}
        placeholder="Some awesome title"
        type="text"
        value="Hola"
      />
      <textarea
        className="notes__text-area"
        name="body"
        onChange={[Function]}
        placeholder="What happen today"
        value="mundo"
      />
      <div
        className="notes__image"
      />
    </form>
  </div>
  <button
    className="btn btn-danger"
    onClick={[Function]}
  >
    Delete
  </button>
</div>
`;
