// Jest Snapshot v1, https://goo.gl/fbAQLP

exports[`Pruebas para el Sidebar inicializacion del sidebar 1`] = `
<aside
  className="journal__sidebar"
>
  <div
    className="journal__sidebar-navbar"
  >
    <h3
      className="mt-5"
    >
      <i
        className="far fa-moon"
      />
      <span>
         
        Sergio
      </span>
    </h3>
    <button
      className="btn"
      onClick={[Function]}
    >
      Logout
    </button>
  </div>
  <div
    className="journal__new-entry"
    onClick={[Function]}
  >
    <h3
      className="mt-5"
    >
      <i
        className="far fa-calendar-plus fa-5x"
      />
      <p
        className="mt-5"
      >
        New entry
      </p>
    </h3>
  </div>
  <div
    className="journal__entries "
  />
</aside>
`;
